Lattice Timing Report -  Setup  and Hold, Version Radiant Software (64-bit) 2026.1.0.37.0

Fri Sep 11 22:00:02 2026

Copyright (c) 1991-1994 by NeoCAD Inc. All rights reserved.
Copyright (c) 1995 AT&T Corp.   All rights reserved.
Copyright (c) 1995-2001 Lucent Technologies Inc.  All rights reserved.
Copyright (c) 2001 Agere Systems   All rights reserved.
Copyright (c) 2002-2026 Lattice Semiconductor Corporation,  All rights reserved.

Command line:    timing -sethld -v 10 -u 10 -endpoints 10 -nperend 1 -sp High-Performance_1.2V -hsp m -pwrprd -html -rpt lab2_impl_1.twr lab2_impl_1.udb -gui -msgset C:/Users/estgonzalez/my_designs/lab2/promote.xml

-----------------------------------------
Design:          top
Family:          iCE40UP
Device:          iCE40UP5K
Package:         SG48
Performance:     High-Performance_1.2V
Package Status:                     Preliminary    Version 1.5
**Performance Hardware Data Status :   Advanced Version 1.0
-----------------------------------------


=====================================================================
                    Table of Contents
=====================================================================
    1  Timing Overview
        1.1  SDC Constraints
        1.2  Constraint Coverage
        1.3  Overall Summary
        1.4  Unconstrained Report
        1.5  Combinational Loop
    2  Setup at Speed Grade High-Performance_1.2V Corner at 100 Degrees
        2.1  Clock Summary
        2.2  Endpoint slacks
        2.3  Detailed Report
    3  Hold at Speed Grade m Corner at -40 Degrees
        3.1  Endpoint slacks
        3.2  Detailed Report

=====================================================================
                    End of Table of Contents
=====================================================================

==============================================
1  Timing Overview
==============================================

1.1  SDC Constraints
=====================
create_clock -name {int_osc} -period 41.6667 [get_pins {hf_osc/CLKHF }] 

1.2  Constraint Coverage
---------------------------
Constraint Coverage: 88.4892%


1.3  Overall Summary
---------------------------
 Setup at Speed Grade High-Performance_1.2V Corner at 100 Degrees     Timing Errors: 0 endpoints;  Total Negative Slack: 0.000 ns 
 Hold at Speed Grade m Corner at -40 Degrees                          Timing Errors: 0 endpoints;  Total Negative Slack: 0.000 ns 

1.4  Unconstrained Report
===========================

1.4.1  Unconstrained Start/End Points
--------------------------------------

Clocked but unconstrained timing start points
--------------------------------------------------
There is no start point satisfying reporting criteria


Clocked but unconstrained timing end points
--------------------------------------------------
There is no end point satisfying reporting criteria


1.4.2  Start/End Points Without Timing Constraints
---------------------------------------------------

I/O ports without constraint
----------------------------
Possible constraints to use on I/O ports are:
set_input_delay,
set_output_delay,
set_max_delay,
create_clock,
create_generated_clock,
...

-------------------------------------------------------------------
     Listing 10 Start or End Points     |           Type           
-------------------------------------------------------------------
s0[0]                                   |                     input
s1[0]                                   |                     input
s0[3]                                   |                     input
s0[2]                                   |                     input
s0[1]                                   |                     input
s1[3]                                   |                     input
s1[2]                                   |                     input
s1[1]                                   |                     input
reset                                   |                     input
enable                                  |                     input
-------------------------------------------------------------------
                                        |                          
Number of I/O ports without constraint  |                        16
                                        |                          
-------------------------------------------------------------------

Nets without clock definition
Define a clock on a top level port or a generated clock on a clock divider pin associated with this net(s).
--------------------------------------------------
There is no instance satisfying reporting criteria



1.5  Combinational Loop
========================
None

===============================================================
2  Setup at Speed Grade High-Performance_1.2V Corner at 100 Degrees
===============================================================

2.1  Clock Summary
=======================

2.1.1 Clock "int_osc"
=======================
create_clock -name {int_osc} -period 41.6667 [get_pins {hf_osc/CLKHF }] 

Single Clock Domain
-------------------------------------------------------------------------------------------------------
             Clock int_osc              |                    |       Period       |     Frequency      
-------------------------------------------------------------------------------------------------------
 From int_osc                           |             Target |          41.667 ns |         24.000 MHz 
                                        | Actual (all paths) |          20.792 ns |         48.095 MHz 
hf_osc/CLKHF (MPW)                      |   (50% duty cycle) |          20.792 ns |         48.095 MHz 
-------------------------------------------------------------------------------------------------------

Clock Domain Crossing

2.2  Endpoint slacks
=======================
-------------------------------------------------------
          Listing 10 End Points          |    Slack    
-------------------------------------------------------
segment_time/out/D                       |   25.740 ns 
{segment_time/counter_11__i3/SR   segment_time/counter_11__i4/SR}              
                                         |   26.771 ns 
{segment_time/counter_11__i5/SR   segment_time/counter_11__i6/SR}              
                                         |   26.771 ns 
{segment_time/counter_11__i7/SR   segment_time/counter_11__i8/SR}              
                                         |   26.771 ns 
{segment_time/counter_11__i9/SR   segment_time/counter_11__i10/SR}              
                                         |   26.771 ns 
{segment_time/counter_11__i11/SR   segment_time/counter_11__i12/SR}              
                                         |   26.771 ns 
{segment_time/counter_11__i13/SR   segment_time/counter_11__i14/SR}              
                                         |   26.771 ns 
{segment_time/counter_11__i15/SR   segment_time/counter_11__i16/SR}              
                                         |   26.771 ns 
{segment_time/counter_11__i17/SR   segment_time/counter_11__i18/SR}              
                                         |   26.771 ns 
{segment_time/counter_11__i19/SR   segment_time/counter_11__i20/SR}              
                                         |   26.771 ns 
-------------------------------------------------------
                                         |             
Setup # of endpoints with negative slack:|           0 
                                         |             
-------------------------------------------------------

2.3  Detailed Report
=======================


XXXXXXXXXXXXXXXXXXXXXXXXXXXXXXXXXXXXXXXXXXXXXXXXXXXXXXXXXX

Detail report of critical paths

XXXXXXXXXXXXXXXXXXXXXXXXXXXXXXXXXXXXXXXXXXXXXXXXXXXXXXXXXX

+++++++++++++++++++++++++++++++++++++++++++++++++++++++++++++++++++++ 
                    Detailed Report for timing paths 
+++++++++++++++++++++++++++++++++++++++++++++++++++++++++++++++++++++ 

++++ Path 1 ++++++++++++++++++++++++++++++++++++++++++++++++++++++++++ 

Path Begin       : segment_time/counter_11__i5/Q  (SLICE_R8C3D)
Path End         : segment_time/out/D  (SLICE_R8C2C)
Source Clock     : int_osc (R)
Destination Clock: int_osc (R)
Logic Level      : 7
Delay Ratio      : 73.5% (route), 26.5% (logic)
Clock Skew       : 0.000 ns 
Setup Constraint : 41.666 ns 
Path Slack       : 25.739 ns  (Passed)


Source Clock Path
Name                                      Cell/Site Name     Delay Name       Incr      Arrival/Required Time  Fanout  
----------------------------------------  -----------------  ---------------  --------  ---------------------  ------  
hf_osc/CLKHF                              HFOSC_HFOSC_R1C32  CLOCK LATENCY       0.000                  0.000  13      
segment_time/int_osc                                         NET DELAY           5.499                  5.499  13      
{segment_time/counter_11__i5/CK   segment_time/counter_11__i6/CK}
                                                             CLOCK PIN           0.000                  5.499  1       


Data Path
Name                                      Cell/Site Name     Delay Name       Incr      Arrival/Required Time  Fanout  
----------------------------------------  -----------------  ---------------  --------  ---------------------  ------  
segment_time/counter_11__i5/CK->segment_time/counter_11__i5/Q
                                          SLICE_R8C3D        CLK_TO_Q0_DELAY     1.388                  6.887  2       
segment_time/counter[5]                                      NET DELAY           2.617                  9.504  2       
segment_time/i216_2_lut/A->segment_time/i216_2_lut/Z
                                          SLICE_R9C5A        C1_TO_F1_DELAY      0.449                  9.953  1       
segment_time/n280                                            NET DELAY           3.146                 13.099  1       
segment_time/i8_4_lut/B->segment_time/i8_4_lut/Z
                                          SLICE_R9C4A        A1_TO_F1_DELAY      0.476                 13.575  1       
segment_time/n22                                             NET DELAY           0.304                 13.879  1       
segment_time/i1_4_lut/C->segment_time/i1_4_lut/Z
                                          SLICE_R9C4B        C0_TO_F0_DELAY      0.476                 14.355  1       
segment_time/n10                                             NET DELAY           0.304                 14.659  1       
segment_time/i7_4_lut/D->segment_time/i7_4_lut/Z
                                          SLICE_R9C4B        C1_TO_F1_DELAY      0.449                 15.108  1       
segment_time/n16                                             NET DELAY           2.168                 17.276  1       
segment_time/i8_4_lut_adj_1/B->segment_time/i8_4_lut_adj_1/Z
                                          SLICE_R9C4C        D1_TO_F1_DELAY      0.449                 17.725  12      
segment_time/n106                                            NET DELAY           3.027                 20.752  12      
segment_time/i1_2_lut/B->segment_time/i1_2_lut/Z
                                          SLICE_R8C2C        C1_TO_F1_DELAY      0.476                 21.228  1       
segment_time/n102                                            NET DELAY           0.000                 21.228  1       
segment_time/out/D                                           ENDPOINT            0.000                 21.228  1       


Destination Clock Path
Name                                      Cell/Site Name     Delay Name       Incr      Arrival/Required Time  Fanout  
----------------------------------------  -----------------  ---------------  --------  ---------------------  ------  
                                                             CONSTRAINT          0.000                 41.666  1       
hf_osc/CLKHF                              HFOSC_HFOSC_R1C32  CLOCK LATENCY       0.000                 41.666  13      
segment_time/int_osc                                         NET DELAY           5.499                 47.165  13      
segment_time/out/CK                                          CLOCK PIN           0.000                 47.165  1       
                                                             Uncertainty      -(0.000)                 47.165  
                                                             Setup time       -(0.198)                 46.967  
----------------------------------------  -----------------  ---------------  --------  ---------------------  ------  
Required Time                                                                                          46.967  
Arrival Time                                                                                        -(21.227)  
----------------------------------------  -----------------  ---------------  --------  ---------------------  ------  
Path Slack  (Passed)                                                                                   25.739  




++++ Path 2 ++++++++++++++++++++++++++++++++++++++++++++++++++++++++++ 

Path Begin       : segment_time/counter_11__i5/Q  (SLICE_R8C3D)
Path End         : {segment_time/counter_11__i3/SR   segment_time/counter_11__i4/SR}  (SLICE_R8C3C)
Source Clock     : int_osc (R)
Destination Clock: int_osc (R)
Logic Level      : 6
Delay Ratio      : 74.3% (route), 25.7% (logic)
Clock Skew       : 0.000 ns 
Setup Constraint : 41.666 ns 
Path Slack       : 26.770 ns  (Passed)


Source Clock Path
Name                                      Cell/Site Name     Delay Name       Incr      Arrival/Required Time  Fanout  
----------------------------------------  -----------------  ---------------  --------  ---------------------  ------  
hf_osc/CLKHF                              HFOSC_HFOSC_R1C32  CLOCK LATENCY       0.000                  0.000  13      
segment_time/int_osc                                         NET DELAY           5.499                  5.499  13      
{segment_time/counter_11__i5/CK   segment_time/counter_11__i6/CK}
                                                             CLOCK PIN           0.000                  5.499  1       


Data Path
Name                                      Cell/Site Name     Delay Name       Incr      Arrival/Required Time  Fanout  
----------------------------------------  -----------------  ---------------  --------  ---------------------  ------  
segment_time/counter_11__i5/CK->segment_time/counter_11__i5/Q
                                          SLICE_R8C3D        CLK_TO_Q0_DELAY     1.388                  6.887  2       
segment_time/counter[5]                                      NET DELAY           2.617                  9.504  2       
segment_time/i216_2_lut/A->segment_time/i216_2_lut/Z
                                          SLICE_R9C5A        C1_TO_F1_DELAY      0.449                  9.953  1       
segment_time/n280                                            NET DELAY           3.146                 13.099  1       
segment_time/i8_4_lut/B->segment_time/i8_4_lut/Z
                                          SLICE_R9C4A        A1_TO_F1_DELAY      0.476                 13.575  1       
segment_time/n22                                             NET DELAY           0.304                 13.879  1       
segment_time/i1_4_lut/C->segment_time/i1_4_lut/Z
                                          SLICE_R9C4B        C0_TO_F0_DELAY      0.476                 14.355  1       
segment_time/n10                                             NET DELAY           0.304                 14.659  1       
segment_time/i7_4_lut/D->segment_time/i7_4_lut/Z
                                          SLICE_R9C4B        C1_TO_F1_DELAY      0.449                 15.108  1       
segment_time/n16                                             NET DELAY           2.168                 17.276  1       
segment_time/i8_4_lut_adj_1/B->segment_time/i8_4_lut_adj_1/Z
                                          SLICE_R9C4C        D1_TO_F1_DELAY      0.449                 17.725  12      
segment_time/n106                                            NET DELAY           2.141                 19.866  12      
{segment_time/counter_11__i3/SR   segment_time/counter_11__i4/SR}
                                                             ENDPOINT            0.000                 19.866  1       


Destination Clock Path
Name                                      Cell/Site Name     Delay Name       Incr      Arrival/Required Time  Fanout  
----------------------------------------  -----------------  ---------------  --------  ---------------------  ------  
                                                             CONSTRAINT          0.000                 41.666  1       
hf_osc/CLKHF                              HFOSC_HFOSC_R1C32  CLOCK LATENCY       0.000                 41.666  13      
segment_time/int_osc                                         NET DELAY           5.499                 47.165  13      
{segment_time/counter_11__i3/CK   segment_time/counter_11__i4/CK}
                                                             CLOCK PIN           0.000                 47.165  1       
                                                             Uncertainty      -(0.000)                 47.165  
                                                             Setup time       -(0.529)                 46.636  
----------------------------------------  -----------------  ---------------  --------  ---------------------  ------  
Required Time                                                                                          46.636  
Arrival Time                                                                                        -(19.865)  
----------------------------------------  -----------------  ---------------  --------  ---------------------  ------  
Path Slack  (Passed)                                                                                   26.770  




++++ Path 3 ++++++++++++++++++++++++++++++++++++++++++++++++++++++++++ 

Path Begin       : segment_time/counter_11__i5/Q  (SLICE_R8C3D)
Path End         : {segment_time/counter_11__i5/SR   segment_time/counter_11__i6/SR}  (SLICE_R8C3D)
Source Clock     : int_osc (R)
Destination Clock: int_osc (R)
Logic Level      : 6
Delay Ratio      : 74.3% (route), 25.7% (logic)
Clock Skew       : 0.000 ns 
Setup Constraint : 41.666 ns 
Path Slack       : 26.770 ns  (Passed)


Source Clock Path
Name                                      Cell/Site Name     Delay Name       Incr      Arrival/Required Time  Fanout  
----------------------------------------  -----------------  ---------------  --------  ---------------------  ------  
hf_osc/CLKHF                              HFOSC_HFOSC_R1C32  CLOCK LATENCY       0.000                  0.000  13      
segment_time/int_osc                                         NET DELAY           5.499                  5.499  13      
{segment_time/counter_11__i5/CK   segment_time/counter_11__i6/CK}
                                                             CLOCK PIN           0.000                  5.499  1       


Data Path
Name                                      Cell/Site Name     Delay Name       Incr      Arrival/Required Time  Fanout  
----------------------------------------  -----------------  ---------------  --------  ---------------------  ------  
segment_time/counter_11__i5/CK->segment_time/counter_11__i5/Q
                                          SLICE_R8C3D        CLK_TO_Q0_DELAY     1.388                  6.887  2       
segment_time/counter[5]                                      NET DELAY           2.617                  9.504  2       
segment_time/i216_2_lut/A->segment_time/i216_2_lut/Z
                                          SLICE_R9C5A        C1_TO_F1_DELAY      0.449                  9.953  1       
segment_time/n280                                            NET DELAY           3.146                 13.099  1       
segment_time/i8_4_lut/B->segment_time/i8_4_lut/Z
                                          SLICE_R9C4A        A1_TO_F1_DELAY      0.476                 13.575  1       
segment_time/n22                                             NET DELAY           0.304                 13.879  1       
segment_time/i1_4_lut/C->segment_time/i1_4_lut/Z
                                          SLICE_R9C4B        C0_TO_F0_DELAY      0.476                 14.355  1       
segment_time/n10                                             NET DELAY           0.304                 14.659  1       
segment_time/i7_4_lut/D->segment_time/i7_4_lut/Z
                                          SLICE_R9C4B        C1_TO_F1_DELAY      0.449                 15.108  1       
segment_time/n16                                             NET DELAY           2.168                 17.276  1       
segment_time/i8_4_lut_adj_1/B->segment_time/i8_4_lut_adj_1/Z
                                          SLICE_R9C4C        D1_TO_F1_DELAY      0.449                 17.725  12      
segment_time/n106                                            NET DELAY           2.141                 19.866  12      
{segment_time/counter_11__i5/SR   segment_time/counter_11__i6/SR}
                                                             ENDPOINT            0.000                 19.866  1       


Destination Clock Path
Name                                      Cell/Site Name     Delay Name       Incr      Arrival/Required Time  Fanout  
----------------------------------------  -----------------  ---------------  --------  ---------------------  ------  
                                                             CONSTRAINT          0.000                 41.666  1       
hf_osc/CLKHF                              HFOSC_HFOSC_R1C32  CLOCK LATENCY       0.000                 41.666  13      
segment_time/int_osc                                         NET DELAY           5.499                 47.165  13      
{segment_time/counter_11__i5/CK   segment_time/counter_11__i6/CK}
                                                             CLOCK PIN           0.000                 47.165  1       
                                                             Uncertainty      -(0.000)                 47.165  
                                                             Setup time       -(0.529)                 46.636  
----------------------------------------  -----------------  ---------------  --------  ---------------------  ------  
Required Time                                                                                          46.636  
Arrival Time                                                                                        -(19.865)  
----------------------------------------  -----------------  ---------------  --------  ---------------------  ------  
Path Slack  (Passed)                                                                                   26.770  




++++ Path 4 ++++++++++++++++++++++++++++++++++++++++++++++++++++++++++ 

Path Begin       : segment_time/counter_11__i5/Q  (SLICE_R8C3D)
Path End         : {segment_time/counter_11__i7/SR   segment_time/counter_11__i8/SR}  (SLICE_R8C4A)
Source Clock     : int_osc (R)
Destination Clock: int_osc (R)
Logic Level      : 6
Delay Ratio      : 74.3% (route), 25.7% (logic)
Clock Skew       : 0.000 ns 
Setup Constraint : 41.666 ns 
Path Slack       : 26.770 ns  (Passed)


Source Clock Path
Name                                      Cell/Site Name     Delay Name       Incr      Arrival/Required Time  Fanout  
----------------------------------------  -----------------  ---------------  --------  ---------------------  ------  
hf_osc/CLKHF                              HFOSC_HFOSC_R1C32  CLOCK LATENCY       0.000                  0.000  13      
segment_time/int_osc                                         NET DELAY           5.499                  5.499  13      
{segment_time/counter_11__i5/CK   segment_time/counter_11__i6/CK}
                                                             CLOCK PIN           0.000                  5.499  1       


Data Path
Name                                      Cell/Site Name     Delay Name       Incr      Arrival/Required Time  Fanout  
----------------------------------------  -----------------  ---------------  --------  ---------------------  ------  
segment_time/counter_11__i5/CK->segment_time/counter_11__i5/Q
                                          SLICE_R8C3D        CLK_TO_Q0_DELAY     1.388                  6.887  2       
segment_time/counter[5]                                      NET DELAY           2.617                  9.504  2       
segment_time/i216_2_lut/A->segment_time/i216_2_lut/Z
                                          SLICE_R9C5A        C1_TO_F1_DELAY      0.449                  9.953  1       
segment_time/n280                                            NET DELAY           3.146                 13.099  1       
segment_time/i8_4_lut/B->segment_time/i8_4_lut/Z
                                          SLICE_R9C4A        A1_TO_F1_DELAY      0.476                 13.575  1       
segment_time/n22                                             NET DELAY           0.304                 13.879  1       
segment_time/i1_4_lut/C->segment_time/i1_4_lut/Z
                                          SLICE_R9C4B        C0_TO_F0_DELAY      0.476                 14.355  1       
segment_time/n10                                             NET DELAY           0.304                 14.659  1       
segment_time/i7_4_lut/D->segment_time/i7_4_lut/Z
                                          SLICE_R9C4B        C1_TO_F1_DELAY      0.449                 15.108  1       
segment_time/n16                                             NET DELAY           2.168                 17.276  1       
segment_time/i8_4_lut_adj_1/B->segment_time/i8_4_lut_adj_1/Z
                                          SLICE_R9C4C        D1_TO_F1_DELAY      0.449                 17.725  12      
segment_time/n106                                            NET DELAY           2.141                 19.866  12      
{segment_time/counter_11__i7/SR   segment_time/counter_11__i8/SR}
                                                             ENDPOINT            0.000                 19.866  1       


Destination Clock Path
Name                                      Cell/Site Name     Delay Name       Incr      Arrival/Required Time  Fanout  
----------------------------------------  -----------------  ---------------  --------  ---------------------  ------  
                                                             CONSTRAINT          0.000                 41.666  1       
hf_osc/CLKHF                              HFOSC_HFOSC_R1C32  CLOCK LATENCY       0.000                 41.666  13      
segment_time/int_osc                                         NET DELAY           5.499                 47.165  13      
{segment_time/counter_11__i7/CK   segment_time/counter_11__i8/CK}
                                                             CLOCK PIN           0.000                 47.165  1       
                                                             Uncertainty      -(0.000)                 47.165  
                                                             Setup time       -(0.529)                 46.636  
----------------------------------------  -----------------  ---------------  --------  ---------------------  ------  
Required Time                                                                                          46.636  
Arrival Time                                                                                        -(19.865)  
----------------------------------------  -----------------  ---------------  --------  ---------------------  ------  
Path Slack  (Passed)                                                                                   26.770  




++++ Path 5 ++++++++++++++++++++++++++++++++++++++++++++++++++++++++++ 

Path Begin       : segment_time/counter_11__i5/Q  (SLICE_R8C3D)
Path End         : {segment_time/counter_11__i9/SR   segment_time/counter_11__i10/SR}  (SLICE_R8C4B)
Source Clock     : int_osc (R)
Destination Clock: int_osc (R)
Logic Level      : 6
Delay Ratio      : 74.3% (route), 25.7% (logic)
Clock Skew       : 0.000 ns 
Setup Constraint : 41.666 ns 
Path Slack       : 26.770 ns  (Passed)


Source Clock Path
Name                                      Cell/Site Name     Delay Name       Incr      Arrival/Required Time  Fanout  
----------------------------------------  -----------------  ---------------  --------  ---------------------  ------  
hf_osc/CLKHF                              HFOSC_HFOSC_R1C32  CLOCK LATENCY       0.000                  0.000  13      
segment_time/int_osc                                         NET DELAY           5.499                  5.499  13      
{segment_time/counter_11__i5/CK   segment_time/counter_11__i6/CK}
                                                             CLOCK PIN           0.000                  5.499  1       


Data Path
Name                                      Cell/Site Name     Delay Name       Incr      Arrival/Required Time  Fanout  
----------------------------------------  -----------------  ---------------  --------  ---------------------  ------  
segment_time/counter_11__i5/CK->segment_time/counter_11__i5/Q
                                          SLICE_R8C3D        CLK_TO_Q0_DELAY     1.388                  6.887  2       
segment_time/counter[5]                                      NET DELAY           2.617                  9.504  2       
segment_time/i216_2_lut/A->segment_time/i216_2_lut/Z
                                          SLICE_R9C5A        C1_TO_F1_DELAY      0.449                  9.953  1       
segment_time/n280                                            NET DELAY           3.146                 13.099  1       
segment_time/i8_4_lut/B->segment_time/i8_4_lut/Z
                                          SLICE_R9C4A        A1_TO_F1_DELAY      0.476                 13.575  1       
segment_time/n22                                             NET DELAY           0.304                 13.879  1       
segment_time/i1_4_lut/C->segment_time/i1_4_lut/Z
                                          SLICE_R9C4B        C0_TO_F0_DELAY      0.476                 14.355  1       
segment_time/n10                                             NET DELAY           0.304                 14.659  1       
segment_time/i7_4_lut/D->segment_time/i7_4_lut/Z
                                          SLICE_R9C4B        C1_TO_F1_DELAY      0.449                 15.108  1       
segment_time/n16                                             NET DELAY           2.168                 17.276  1       
segment_time/i8_4_lut_adj_1/B->segment_time/i8_4_lut_adj_1/Z
                                          SLICE_R9C4C        D1_TO_F1_DELAY      0.449                 17.725  12      
segment_time/n106                                            NET DELAY           2.141                 19.866  12      
{segment_time/counter_11__i9/SR   segment_time/counter_11__i10/SR}
                                                             ENDPOINT            0.000                 19.866  1       


Destination Clock Path
Name                                      Cell/Site Name     Delay Name       Incr      Arrival/Required Time  Fanout  
----------------------------------------  -----------------  ---------------  --------  ---------------------  ------  
                                                             CONSTRAINT          0.000                 41.666  1       
hf_osc/CLKHF                              HFOSC_HFOSC_R1C32  CLOCK LATENCY       0.000                 41.666  13      
segment_time/int_osc                                         NET DELAY           5.499                 47.165  13      
{segment_time/counter_11__i9/CK   segment_time/counter_11__i10/CK}
                                                             CLOCK PIN           0.000                 47.165  1       
                                                             Uncertainty      -(0.000)                 47.165  
                                                             Setup time       -(0.529)                 46.636  
----------------------------------------  -----------------  ---------------  --------  ---------------------  ------  
Required Time                                                                                          46.636  
Arrival Time                                                                                        -(19.865)  
----------------------------------------  -----------------  ---------------  --------  ---------------------  ------  
Path Slack  (Passed)                                                                                   26.770  




++++ Path 6 ++++++++++++++++++++++++++++++++++++++++++++++++++++++++++ 

Path Begin       : segment_time/counter_11__i5/Q  (SLICE_R8C3D)
Path End         : {segment_time/counter_11__i11/SR   segment_time/counter_11__i12/SR}  (SLICE_R8C4C)
Source Clock     : int_osc (R)
Destination Clock: int_osc (R)
Logic Level      : 6
Delay Ratio      : 74.3% (route), 25.7% (logic)
Clock Skew       : 0.000 ns 
Setup Constraint : 41.666 ns 
Path Slack       : 26.770 ns  (Passed)


Source Clock Path
Name                                      Cell/Site Name     Delay Name       Incr      Arrival/Required Time  Fanout  
----------------------------------------  -----------------  ---------------  --------  ---------------------  ------  
hf_osc/CLKHF                              HFOSC_HFOSC_R1C32  CLOCK LATENCY       0.000                  0.000  13      
segment_time/int_osc                                         NET DELAY           5.499                  5.499  13      
{segment_time/counter_11__i5/CK   segment_time/counter_11__i6/CK}
                                                             CLOCK PIN           0.000                  5.499  1       


Data Path
Name                                      Cell/Site Name     Delay Name       Incr      Arrival/Required Time  Fanout  
----------------------------------------  -----------------  ---------------  --------  ---------------------  ------  
segment_time/counter_11__i5/CK->segment_time/counter_11__i5/Q
                                          SLICE_R8C3D        CLK_TO_Q0_DELAY     1.388                  6.887  2       
segment_time/counter[5]                                      NET DELAY           2.617                  9.504  2       
segment_time/i216_2_lut/A->segment_time/i216_2_lut/Z
                                          SLICE_R9C5A        C1_TO_F1_DELAY      0.449                  9.953  1       
segment_time/n280                                            NET DELAY           3.146                 13.099  1       
segment_time/i8_4_lut/B->segment_time/i8_4_lut/Z
                                          SLICE_R9C4A        A1_TO_F1_DELAY      0.476                 13.575  1       
segment_time/n22                                             NET DELAY           0.304                 13.879  1       
segment_time/i1_4_lut/C->segment_time/i1_4_lut/Z
                                          SLICE_R9C4B        C0_TO_F0_DELAY      0.476                 14.355  1       
segment_time/n10                                             NET DELAY           0.304                 14.659  1       
segment_time/i7_4_lut/D->segment_time/i7_4_lut/Z
                                          SLICE_R9C4B        C1_TO_F1_DELAY      0.449                 15.108  1       
segment_time/n16                                             NET DELAY           2.168                 17.276  1       
segment_time/i8_4_lut_adj_1/B->segment_time/i8_4_lut_adj_1/Z
                                          SLICE_R9C4C        D1_TO_F1_DELAY      0.449                 17.725  12      
segment_time/n106                                            NET DELAY           2.141                 19.866  12      
{segment_time/counter_11__i11/SR   segment_time/counter_11__i12/SR}
                                                             ENDPOINT            0.000                 19.866  1       


Destination Clock Path
Name                                      Cell/Site Name     Delay Name       Incr      Arrival/Required Time  Fanout  
----------------------------------------  -----------------  ---------------  --------  ---------------------  ------  
                                                             CONSTRAINT          0.000                 41.666  1       
hf_osc/CLKHF                              HFOSC_HFOSC_R1C32  CLOCK LATENCY       0.000                 41.666  13      
segment_time/int_osc                                         NET DELAY           5.499                 47.165  13      
{segment_time/counter_11__i11/CK   segment_time/counter_11__i12/CK}
                                                             CLOCK PIN           0.000                 47.165  1       
                                                             Uncertainty      -(0.000)                 47.165  
                                                             Setup time       -(0.529)                 46.636  
----------------------------------------  -----------------  ---------------  --------  ---------------------  ------  
Required Time                                                                                          46.636  
Arrival Time                                                                                        -(19.865)  
----------------------------------------  -----------------  ---------------  --------  ---------------------  ------  
Path Slack  (Passed)                                                                                   26.770  




++++ Path 7 ++++++++++++++++++++++++++++++++++++++++++++++++++++++++++ 

Path Begin       : segment_time/counter_11__i5/Q  (SLICE_R8C3D)
Path End         : {segment_time/counter_11__i13/SR   segment_time/counter_11__i14/SR}  (SLICE_R8C4D)
Source Clock     : int_osc (R)
Destination Clock: int_osc (R)
Logic Level      : 6
Delay Ratio      : 74.3% (route), 25.7% (logic)
Clock Skew       : 0.000 ns 
Setup Constraint : 41.666 ns 
Path Slack       : 26.770 ns  (Passed)


Source Clock Path
Name                                      Cell/Site Name     Delay Name       Incr      Arrival/Required Time  Fanout  
----------------------------------------  -----------------  ---------------  --------  ---------------------  ------  
hf_osc/CLKHF                              HFOSC_HFOSC_R1C32  CLOCK LATENCY       0.000                  0.000  13      
segment_time/int_osc                                         NET DELAY           5.499                  5.499  13      
{segment_time/counter_11__i5/CK   segment_time/counter_11__i6/CK}
                                                             CLOCK PIN           0.000                  5.499  1       


Data Path
Name                                      Cell/Site Name     Delay Name       Incr      Arrival/Required Time  Fanout  
----------------------------------------  -----------------  ---------------  --------  ---------------------  ------  
segment_time/counter_11__i5/CK->segment_time/counter_11__i5/Q
                                          SLICE_R8C3D        CLK_TO_Q0_DELAY     1.388                  6.887  2       
segment_time/counter[5]                                      NET DELAY           2.617                  9.504  2       
segment_time/i216_2_lut/A->segment_time/i216_2_lut/Z
                                          SLICE_R9C5A        C1_TO_F1_DELAY      0.449                  9.953  1       
segment_time/n280                                            NET DELAY           3.146                 13.099  1       
segment_time/i8_4_lut/B->segment_time/i8_4_lut/Z
                                          SLICE_R9C4A        A1_TO_F1_DELAY      0.476                 13.575  1       
segment_time/n22                                             NET DELAY           0.304                 13.879  1       
segment_time/i1_4_lut/C->segment_time/i1_4_lut/Z
                                          SLICE_R9C4B        C0_TO_F0_DELAY      0.476                 14.355  1       
segment_time/n10                                             NET DELAY           0.304                 14.659  1       
segment_time/i7_4_lut/D->segment_time/i7_4_lut/Z
                                          SLICE_R9C4B        C1_TO_F1_DELAY      0.449                 15.108  1       
segment_time/n16                                             NET DELAY           2.168                 17.276  1       
segment_time/i8_4_lut_adj_1/B->segment_time/i8_4_lut_adj_1/Z
                                          SLICE_R9C4C        D1_TO_F1_DELAY      0.449                 17.725  12      
segment_time/n106                                            NET DELAY           2.141                 19.866  12      
{segment_time/counter_11__i13/SR   segment_time/counter_11__i14/SR}
                                                             ENDPOINT            0.000                 19.866  1       


Destination Clock Path
Name                                      Cell/Site Name     Delay Name       Incr      Arrival/Required Time  Fanout  
----------------------------------------  -----------------  ---------------  --------  ---------------------  ------  
                                                             CONSTRAINT          0.000                 41.666  1       
hf_osc/CLKHF                              HFOSC_HFOSC_R1C32  CLOCK LATENCY       0.000                 41.666  13      
segment_time/int_osc                                         NET DELAY           5.499                 47.165  13      
{segment_time/counter_11__i13/CK   segment_time/counter_11__i14/CK}
                                                             CLOCK PIN           0.000                 47.165  1       
                                                             Uncertainty      -(0.000)                 47.165  
                                                             Setup time       -(0.529)                 46.636  
----------------------------------------  -----------------  ---------------  --------  ---------------------  ------  
Required Time                                                                                          46.636  
Arrival Time                                                                                        -(19.865)  
----------------------------------------  -----------------  ---------------  --------  ---------------------  ------  
Path Slack  (Passed)                                                                                   26.770  




++++ Path 8 ++++++++++++++++++++++++++++++++++++++++++++++++++++++++++ 

Path Begin       : segment_time/counter_11__i5/Q  (SLICE_R8C3D)
Path End         : {segment_time/counter_11__i15/SR   segment_time/counter_11__i16/SR}  (SLICE_R8C5A)
Source Clock     : int_osc (R)
Destination Clock: int_osc (R)
Logic Level      : 6
Delay Ratio      : 74.3% (route), 25.7% (logic)
Clock Skew       : 0.000 ns 
Setup Constraint : 41.666 ns 
Path Slack       : 26.770 ns  (Passed)


Source Clock Path
Name                                      Cell/Site Name     Delay Name       Incr      Arrival/Required Time  Fanout  
----------------------------------------  -----------------  ---------------  --------  ---------------------  ------  
hf_osc/CLKHF                              HFOSC_HFOSC_R1C32  CLOCK LATENCY       0.000                  0.000  13      
segment_time/int_osc                                         NET DELAY           5.499                  5.499  13      
{segment_time/counter_11__i5/CK   segment_time/counter_11__i6/CK}
                                                             CLOCK PIN           0.000                  5.499  1       


Data Path
Name                                      Cell/Site Name     Delay Name       Incr      Arrival/Required Time  Fanout  
----------------------------------------  -----------------  ---------------  --------  ---------------------  ------  
segment_time/counter_11__i5/CK->segment_time/counter_11__i5/Q
                                          SLICE_R8C3D        CLK_TO_Q0_DELAY     1.388                  6.887  2       
segment_time/counter[5]                                      NET DELAY           2.617                  9.504  2       
segment_time/i216_2_lut/A->segment_time/i216_2_lut/Z
                                          SLICE_R9C5A        C1_TO_F1_DELAY      0.449                  9.953  1       
segment_time/n280                                            NET DELAY           3.146                 13.099  1       
segment_time/i8_4_lut/B->segment_time/i8_4_lut/Z
                                          SLICE_R9C4A        A1_TO_F1_DELAY      0.476                 13.575  1       
segment_time/n22                                             NET DELAY           0.304                 13.879  1       
segment_time/i1_4_lut/C->segment_time/i1_4_lut/Z
                                          SLICE_R9C4B        C0_TO_F0_DELAY      0.476                 14.355  1       
segment_time/n10                                             NET DELAY           0.304                 14.659  1       
segment_time/i7_4_lut/D->segment_time/i7_4_lut/Z
                                          SLICE_R9C4B        C1_TO_F1_DELAY      0.449                 15.108  1       
segment_time/n16                                             NET DELAY           2.168                 17.276  1       
segment_time/i8_4_lut_adj_1/B->segment_time/i8_4_lut_adj_1/Z
                                          SLICE_R9C4C        D1_TO_F1_DELAY      0.449                 17.725  12      
segment_time/n106                                            NET DELAY           2.141                 19.866  12      
{segment_time/counter_11__i15/SR   segment_time/counter_11__i16/SR}
                                                             ENDPOINT            0.000                 19.866  1       


Destination Clock Path
Name                                      Cell/Site Name     Delay Name       Incr      Arrival/Required Time  Fanout  
----------------------------------------  -----------------  ---------------  --------  ---------------------  ------  
                                                             CONSTRAINT          0.000                 41.666  1       
hf_osc/CLKHF                              HFOSC_HFOSC_R1C32  CLOCK LATENCY       0.000                 41.666  13      
segment_time/int_osc                                         NET DELAY           5.499                 47.165  13      
{segment_time/counter_11__i15/CK   segment_time/counter_11__i16/CK}
                                                             CLOCK PIN           0.000                 47.165  1       
                                                             Uncertainty      -(0.000)                 47.165  
                                                             Setup time       -(0.529)                 46.636  
----------------------------------------  -----------------  ---------------  --------  ---------------------  ------  
Required Time                                                                                          46.636  
Arrival Time                                                                                        -(19.865)  
----------------------------------------  -----------------  ---------------  --------  ---------------------  ------  
Path Slack  (Passed)                                                                                   26.770  




++++ Path 9 ++++++++++++++++++++++++++++++++++++++++++++++++++++++++++ 

Path Begin       : segment_time/counter_11__i5/Q  (SLICE_R8C3D)
Path End         : {segment_time/counter_11__i17/SR   segment_time/counter_11__i18/SR}  (SLICE_R8C5B)
Source Clock     : int_osc (R)
Destination Clock: int_osc (R)
Logic Level      : 6
Delay Ratio      : 74.3% (route), 25.7% (logic)
Clock Skew       : 0.000 ns 
Setup Constraint : 41.666 ns 
Path Slack       : 26.770 ns  (Passed)


Source Clock Path
Name                                      Cell/Site Name     Delay Name       Incr      Arrival/Required Time  Fanout  
----------------------------------------  -----------------  ---------------  --------  ---------------------  ------  
hf_osc/CLKHF                              HFOSC_HFOSC_R1C32  CLOCK LATENCY       0.000                  0.000  13      
segment_time/int_osc                                         NET DELAY           5.499                  5.499  13      
{segment_time/counter_11__i5/CK   segment_time/counter_11__i6/CK}
                                                             CLOCK PIN           0.000                  5.499  1       


Data Path
Name                                      Cell/Site Name     Delay Name       Incr      Arrival/Required Time  Fanout  
----------------------------------------  -----------------  ---------------  --------  ---------------------  ------  
segment_time/counter_11__i5/CK->segment_time/counter_11__i5/Q
                                          SLICE_R8C3D        CLK_TO_Q0_DELAY     1.388                  6.887  2       
segment_time/counter[5]                                      NET DELAY           2.617                  9.504  2       
segment_time/i216_2_lut/A->segment_time/i216_2_lut/Z
                                          SLICE_R9C5A        C1_TO_F1_DELAY      0.449                  9.953  1       
segment_time/n280                                            NET DELAY           3.146                 13.099  1       
segment_time/i8_4_lut/B->segment_time/i8_4_lut/Z
                                          SLICE_R9C4A        A1_TO_F1_DELAY      0.476                 13.575  1       
segment_time/n22                                             NET DELAY           0.304                 13.879  1       
segment_time/i1_4_lut/C->segment_time/i1_4_lut/Z
                                          SLICE_R9C4B        C0_TO_F0_DELAY      0.476                 14.355  1       
segment_time/n10                                             NET DELAY           0.304                 14.659  1       
segment_time/i7_4_lut/D->segment_time/i7_4_lut/Z
                                          SLICE_R9C4B        C1_TO_F1_DELAY      0.449                 15.108  1       
segment_time/n16                                             NET DELAY           2.168                 17.276  1       
segment_time/i8_4_lut_adj_1/B->segment_time/i8_4_lut_adj_1/Z
                                          SLICE_R9C4C        D1_TO_F1_DELAY      0.449                 17.725  12      
segment_time/n106                                            NET DELAY           2.141                 19.866  12      
{segment_time/counter_11__i17/SR   segment_time/counter_11__i18/SR}
                                                             ENDPOINT            0.000                 19.866  1       


Destination Clock Path
Name                                      Cell/Site Name     Delay Name       Incr      Arrival/Required Time  Fanout  
----------------------------------------  -----------------  ---------------  --------  ---------------------  ------  
                                                             CONSTRAINT          0.000                 41.666  1       
hf_osc/CLKHF                              HFOSC_HFOSC_R1C32  CLOCK LATENCY       0.000                 41.666  13      
segment_time/int_osc                                         NET DELAY           5.499                 47.165  13      
{segment_time/counter_11__i17/CK   segment_time/counter_11__i18/CK}
                                                             CLOCK PIN           0.000                 47.165  1       
                                                             Uncertainty      -(0.000)                 47.165  
                                                             Setup time       -(0.529)                 46.636  
----------------------------------------  -----------------  ---------------  --------  ---------------------  ------  
Required Time                                                                                          46.636  
Arrival Time                                                                                        -(19.865)  
----------------------------------------  -----------------  ---------------  --------  ---------------------  ------  
Path Slack  (Passed)                                                                                   26.770  




++++ Path 10 ++++++++++++++++++++++++++++++++++++++++++++++++++++++++++ 

Path Begin       : segment_time/counter_11__i5/Q  (SLICE_R8C3D)
Path End         : {segment_time/counter_11__i19/SR   segment_time/counter_11__i20/SR}  (SLICE_R8C5C)
Source Clock     : int_osc (R)
Destination Clock: int_osc (R)
Logic Level      : 6
Delay Ratio      : 74.3% (route), 25.7% (logic)
Clock Skew       : 0.000 ns 
Setup Constraint : 41.666 ns 
Path Slack       : 26.770 ns  (Passed)


Source Clock Path
Name                                      Cell/Site Name     Delay Name       Incr      Arrival/Required Time  Fanout  
----------------------------------------  -----------------  ---------------  --------  ---------------------  ------  
hf_osc/CLKHF                              HFOSC_HFOSC_R1C32  CLOCK LATENCY       0.000                  0.000  13      
segment_time/int_osc                                         NET DELAY           5.499                  5.499  13      
{segment_time/counter_11__i5/CK   segment_time/counter_11__i6/CK}
                                                             CLOCK PIN           0.000                  5.499  1       


Data Path
Name                                      Cell/Site Name     Delay Name       Incr      Arrival/Required Time  Fanout  
----------------------------------------  -----------------  ---------------  --------  ---------------------  ------  
segment_time/counter_11__i5/CK->segment_time/counter_11__i5/Q
                                          SLICE_R8C3D        CLK_TO_Q0_DELAY     1.388                  6.887  2       
segment_time/counter[5]                                      NET DELAY           2.617                  9.504  2       
segment_time/i216_2_lut/A->segment_time/i216_2_lut/Z
                                          SLICE_R9C5A        C1_TO_F1_DELAY      0.449                  9.953  1       
segment_time/n280                                            NET DELAY           3.146                 13.099  1       
segment_time/i8_4_lut/B->segment_time/i8_4_lut/Z
                                          SLICE_R9C4A        A1_TO_F1_DELAY      0.476                 13.575  1       
segment_time/n22                                             NET DELAY           0.304                 13.879  1       
segment_time/i1_4_lut/C->segment_time/i1_4_lut/Z
                                          SLICE_R9C4B        C0_TO_F0_DELAY      0.476                 14.355  1       
segment_time/n10                                             NET DELAY           0.304                 14.659  1       
segment_time/i7_4_lut/D->segment_time/i7_4_lut/Z
                                          SLICE_R9C4B        C1_TO_F1_DELAY      0.449                 15.108  1       
segment_time/n16                                             NET DELAY           2.168                 17.276  1       
segment_time/i8_4_lut_adj_1/B->segment_time/i8_4_lut_adj_1/Z
                                          SLICE_R9C4C        D1_TO_F1_DELAY      0.449                 17.725  12      
segment_time/n106                                            NET DELAY           2.141                 19.866  12      
{segment_time/counter_11__i19/SR   segment_time/counter_11__i20/SR}
                                                             ENDPOINT            0.000                 19.866  1       


Destination Clock Path
Name                                      Cell/Site Name     Delay Name       Incr      Arrival/Required Time  Fanout  
----------------------------------------  -----------------  ---------------  --------  ---------------------  ------  
                                                             CONSTRAINT          0.000                 41.666  1       
hf_osc/CLKHF                              HFOSC_HFOSC_R1C32  CLOCK LATENCY       0.000                 41.666  13      
segment_time/int_osc                                         NET DELAY           5.499                 47.165  13      
{segment_time/counter_11__i19/CK   segment_time/counter_11__i20/CK}
                                                             CLOCK PIN           0.000                 47.165  1       
                                                             Uncertainty      -(0.000)                 47.165  
                                                             Setup time       -(0.529)                 46.636  
----------------------------------------  -----------------  ---------------  --------  ---------------------  ------  
Required Time                                                                                          46.636  
Arrival Time                                                                                        -(19.865)  
----------------------------------------  -----------------  ---------------  --------  ---------------------  ------  
Path Slack  (Passed)                                                                                   26.770  



+++++++++++++++++++++++++++++++++++++++++++++++++++++++++++++++++++++ 
                    End of Detailed Report for timing paths 
+++++++++++++++++++++++++++++++++++++++++++++++++++++++++++++++++++++ 


##########################################################



===============================================================
3  Hold at Speed Grade m Corner at -40 Degrees
===============================================================

3.1  Endpoint slacks
=======================
-------------------------------------------------------
          Listing 10 End Points          |    Slack    
-------------------------------------------------------
segment_time/out/D                       |    1.743 ns 
segment_time/counter_11__i12/D           |    1.913 ns 
segment_time/counter_11__i13/D           |    1.913 ns 
segment_time/counter_11__i14/D           |    1.913 ns 
segment_time/counter_11__i15/D           |    1.913 ns 
segment_time/counter_11__i16/D           |    1.913 ns 
segment_time/counter_11__i17/D           |    1.913 ns 
segment_time/counter_11__i18/D           |    1.913 ns 
segment_time/counter_11__i19/D           |    1.913 ns 
segment_time/counter_11__i20/D           |    1.913 ns 
-------------------------------------------------------
                                         |             
Hold # of endpoints with negative slack: |           0 
                                         |             
-------------------------------------------------------

3.2  Detailed Report
=======================


XXXXXXXXXXXXXXXXXXXXXXXXXXXXXXXXXXXXXXXXXXXXXXXXXXXXXXXXXX

Detail report of critical paths

XXXXXXXXXXXXXXXXXXXXXXXXXXXXXXXXXXXXXXXXXXXXXXXXXXXXXXXXXX

+++++++++++++++++++++++++++++++++++++++++++++++++++++++++++++++++++++ 
                    Detailed Report for timing paths 
+++++++++++++++++++++++++++++++++++++++++++++++++++++++++++++++++++++ 

++++ Path 1 ++++++++++++++++++++++++++++++++++++++++++++++++++++++++++ 

Path Begin       : segment_time/out/Q  (SLICE_R8C2C)
Path End         : segment_time/out/D  (SLICE_R8C2C)
Source Clock     : int_osc (R)
Destination Clock: int_osc (R)
Logic Level      : 2
Delay Ratio      : 40.8% (route), 59.2% (logic)
Clock Skew       : 0.000 ns 
Hold Constraint  : 0.000 ns 
Path Slack       : 1.743 ns  (Passed)


Source Clock Path
Name                                      Cell/Site Name     Delay Name       Incr   Arrival/Required Time  Fanout  
----------------------------------------  -----------------  ---------------  -----  ---------------------  ------  
hf_osc/CLKHF                              HFOSC_HFOSC_R1C32  CLOCK LATENCY    0.000                  0.000  14      
segment_time/int_osc                                         NET DELAY        3.084                  3.084  14      
segment_time/out/CK                                          CLOCK PIN        0.000                  3.084  1       


Data Path
Name                                      Cell/Site Name     Delay Name       Incr   Arrival/Required Time  Fanout  
----------------------------------------  -----------------  ---------------  -----  ---------------------  ------  
segment_time/out/CK->segment_time/out/Q   SLICE_R8C2C        CLK_TO_Q1_DELAY  0.779                  3.863  4       
segment_time/c1_c                                            NET DELAY        0.712                  4.575  4       
segment_time/i1_2_lut/A->segment_time/i1_2_lut/Z
                                          SLICE_R8C2C        D1_TO_F1_DELAY   0.252                  4.827  1       
segment_time/n102                                            NET DELAY        0.000                  4.827  1       
segment_time/out/D                                           ENDPOINT         0.000                  4.827  1       


Destination Clock Path
Name                                      Cell/Site Name     Delay Name       Incr   Arrival/Required Time  Fanout  
----------------------------------------  -----------------  ---------------  -----  ---------------------  ------  
                                                             CONSTRAINT       0.000                  0.000  1       
hf_osc/CLKHF                              HFOSC_HFOSC_R1C32  CLOCK LATENCY    0.000                  0.000  14      
segment_time/int_osc                                         NET DELAY        3.084                  3.084  14      
segment_time/out/CK                                          CLOCK PIN        0.000                  3.084  1       
                                                             Uncertainty      0.000                  3.084  
                                                             Hold time        0.000                  3.084  
----------------------------------------  -----------------  ---------------  -----  ---------------------  ------  
Required Time                                                                                       -3.084  
Arrival Time                                                                                         4.827  
----------------------------------------  -----------------  ---------------  -----  ---------------------  ------  
Path Slack  (Passed)                                                                                 1.743  




++++ Path 2 ++++++++++++++++++++++++++++++++++++++++++++++++++++++++++ 

Path Begin       : segment_time/counter_11__i12/Q  (SLICE_R8C4C)
Path End         : segment_time/counter_11__i12/D  (SLICE_R8C4C)
Source Clock     : int_osc (R)
Destination Clock: int_osc (R)
Logic Level      : 2
Delay Ratio      : 46.1% (route), 53.9% (logic)
Clock Skew       : 0.000 ns 
Hold Constraint  : 0.000 ns 
Path Slack       : 1.913 ns  (Passed)


Source Clock Path
Name                                      Cell/Site Name     Delay Name       Incr   Arrival/Required Time  Fanout  
----------------------------------------  -----------------  ---------------  -----  ---------------------  ------  
hf_osc/CLKHF                              HFOSC_HFOSC_R1C32  CLOCK LATENCY    0.000                  0.000  14      
segment_time/int_osc                                         NET DELAY        3.084                  3.084  14      
{segment_time/counter_11__i11/CK   segment_time/counter_11__i12/CK}
                                                             CLOCK PIN        0.000                  3.084  1       


Data Path
Name                                      Cell/Site Name     Delay Name       Incr   Arrival/Required Time  Fanout  
----------------------------------------  -----------------  ---------------  -----  ---------------------  ------  
segment_time/counter_11__i12/CK->segment_time/counter_11__i12/Q
                                          SLICE_R8C4C        CLK_TO_Q1_DELAY  0.779                  3.863  2       
segment_time/counter[12]                                     NET DELAY        0.882                  4.745  2       
segment_time/counter_11_add_4_13/C1->segment_time/counter_11_add_4_13/S1
                                          SLICE_R8C4C        C1_TO_F1_DELAY   0.252                  4.997  1       
segment_time/n89[12]                                         NET DELAY        0.000                  4.997  1       
segment_time/counter_11__i12/D                               ENDPOINT         0.000                  4.997  1       


Destination Clock Path
Name                                      Cell/Site Name     Delay Name       Incr   Arrival/Required Time  Fanout  
----------------------------------------  -----------------  ---------------  -----  ---------------------  ------  
                                                             CONSTRAINT       0.000                  0.000  1       
hf_osc/CLKHF                              HFOSC_HFOSC_R1C32  CLOCK LATENCY    0.000                  0.000  14      
segment_time/int_osc                                         NET DELAY        3.084                  3.084  14      
{segment_time/counter_11__i11/CK   segment_time/counter_11__i12/CK}
                                                             CLOCK PIN        0.000                  3.084  1       
                                                             Uncertainty      0.000                  3.084  
                                                             Hold time        0.000                  3.084  
----------------------------------------  -----------------  ---------------  -----  ---------------------  ------  
Required Time                                                                                       -3.084  
Arrival Time                                                                                         4.997  
----------------------------------------  -----------------  ---------------  -----  ---------------------  ------  
Path Slack  (Passed)                                                                                 1.913  




++++ Path 3 ++++++++++++++++++++++++++++++++++++++++++++++++++++++++++ 

Path Begin       : segment_time/counter_11__i13/Q  (SLICE_R8C4D)
Path End         : segment_time/counter_11__i13/D  (SLICE_R8C4D)
Source Clock     : int_osc (R)
Destination Clock: int_osc (R)
Logic Level      : 2
Delay Ratio      : 46.1% (route), 53.9% (logic)
Clock Skew       : 0.000 ns 
Hold Constraint  : 0.000 ns 
Path Slack       : 1.913 ns  (Passed)


Source Clock Path
Name                                      Cell/Site Name     Delay Name       Incr   Arrival/Required Time  Fanout  
----------------------------------------  -----------------  ---------------  -----  ---------------------  ------  
hf_osc/CLKHF                              HFOSC_HFOSC_R1C32  CLOCK LATENCY    0.000                  0.000  14      
segment_time/int_osc                                         NET DELAY        3.084                  3.084  14      
{segment_time/counter_11__i13/CK   segment_time/counter_11__i14/CK}
                                                             CLOCK PIN        0.000                  3.084  1       


Data Path
Name                                      Cell/Site Name     Delay Name       Incr   Arrival/Required Time  Fanout  
----------------------------------------  -----------------  ---------------  -----  ---------------------  ------  
segment_time/counter_11__i13/CK->segment_time/counter_11__i13/Q
                                          SLICE_R8C4D        CLK_TO_Q0_DELAY  0.779                  3.863  2       
segment_time/counter[13]                                     NET DELAY        0.882                  4.745  2       
segment_time/counter_11_add_4_15/C0->segment_time/counter_11_add_4_15/S0
                                          SLICE_R8C4D        C0_TO_F0_DELAY   0.252                  4.997  1       
segment_time/n89[13]                                         NET DELAY        0.000                  4.997  1       
segment_time/counter_11__i13/D                               ENDPOINT         0.000                  4.997  1       


Destination Clock Path
Name                                      Cell/Site Name     Delay Name       Incr   Arrival/Required Time  Fanout  
----------------------------------------  -----------------  ---------------  -----  ---------------------  ------  
                                                             CONSTRAINT       0.000                  0.000  1       
hf_osc/CLKHF                              HFOSC_HFOSC_R1C32  CLOCK LATENCY    0.000                  0.000  14      
segment_time/int_osc                                         NET DELAY        3.084                  3.084  14      
{segment_time/counter_11__i13/CK   segment_time/counter_11__i14/CK}
                                                             CLOCK PIN        0.000                  3.084  1       
                                                             Uncertainty      0.000                  3.084  
                                                             Hold time        0.000                  3.084  
----------------------------------------  -----------------  ---------------  -----  ---------------------  ------  
Required Time                                                                                       -3.084  
Arrival Time                                                                                         4.997  
----------------------------------------  -----------------  ---------------  -----  ---------------------  ------  
Path Slack  (Passed)                                                                                 1.913  




++++ Path 4 ++++++++++++++++++++++++++++++++++++++++++++++++++++++++++ 

Path Begin       : segment_time/counter_11__i14/Q  (SLICE_R8C4D)
Path End         : segment_time/counter_11__i14/D  (SLICE_R8C4D)
Source Clock     : int_osc (R)
Destination Clock: int_osc (R)
Logic Level      : 2
Delay Ratio      : 46.1% (route), 53.9% (logic)
Clock Skew       : 0.000 ns 
Hold Constraint  : 0.000 ns 
Path Slack       : 1.913 ns  (Passed)


Source Clock Path
Name                                      Cell/Site Name     Delay Name       Incr   Arrival/Required Time  Fanout  
----------------------------------------  -----------------  ---------------  -----  ---------------------  ------  
hf_osc/CLKHF                              HFOSC_HFOSC_R1C32  CLOCK LATENCY    0.000                  0.000  14      
segment_time/int_osc                                         NET DELAY        3.084                  3.084  14      
{segment_time/counter_11__i13/CK   segment_time/counter_11__i14/CK}
                                                             CLOCK PIN        0.000                  3.084  1       


Data Path
Name                                      Cell/Site Name     Delay Name       Incr   Arrival/Required Time  Fanout  
----------------------------------------  -----------------  ---------------  -----  ---------------------  ------  
segment_time/counter_11__i14/CK->segment_time/counter_11__i14/Q
                                          SLICE_R8C4D        CLK_TO_Q1_DELAY  0.779                  3.863  2       
segment_time/counter[14]                                     NET DELAY        0.882                  4.745  2       
segment_time/counter_11_add_4_15/C1->segment_time/counter_11_add_4_15/S1
                                          SLICE_R8C4D        C1_TO_F1_DELAY   0.252                  4.997  1       
segment_time/n89[14]                                         NET DELAY        0.000                  4.997  1       
segment_time/counter_11__i14/D                               ENDPOINT         0.000                  4.997  1       


Destination Clock Path
Name                                      Cell/Site Name     Delay Name       Incr   Arrival/Required Time  Fanout  
----------------------------------------  -----------------  ---------------  -----  ---------------------  ------  
                                                             CONSTRAINT       0.000                  0.000  1       
hf_osc/CLKHF                              HFOSC_HFOSC_R1C32  CLOCK LATENCY    0.000                  0.000  14      
segment_time/int_osc                                         NET DELAY        3.084                  3.084  14      
{segment_time/counter_11__i13/CK   segment_time/counter_11__i14/CK}
                                                             CLOCK PIN        0.000                  3.084  1       
                                                             Uncertainty      0.000                  3.084  
                                                             Hold time        0.000                  3.084  
----------------------------------------  -----------------  ---------------  -----  ---------------------  ------  
Required Time                                                                                       -3.084  
Arrival Time                                                                                         4.997  
----------------------------------------  -----------------  ---------------  -----  ---------------------  ------  
Path Slack  (Passed)                                                                                 1.913  




++++ Path 5 ++++++++++++++++++++++++++++++++++++++++++++++++++++++++++ 

Path Begin       : segment_time/counter_11__i15/Q  (SLICE_R8C5A)
Path End         : segment_time/counter_11__i15/D  (SLICE_R8C5A)
Source Clock     : int_osc (R)
Destination Clock: int_osc (R)
Logic Level      : 2
Delay Ratio      : 46.1% (route), 53.9% (logic)
Clock Skew       : 0.000 ns 
Hold Constraint  : 0.000 ns 
Path Slack       : 1.913 ns  (Passed)


Source Clock Path
Name                                      Cell/Site Name     Delay Name       Incr   Arrival/Required Time  Fanout  
----------------------------------------  -----------------  ---------------  -----  ---------------------  ------  
hf_osc/CLKHF                              HFOSC_HFOSC_R1C32  CLOCK LATENCY    0.000                  0.000  14      
segment_time/int_osc                                         NET DELAY        3.084                  3.084  14      
{segment_time/counter_11__i15/CK   segment_time/counter_11__i16/CK}
                                                             CLOCK PIN        0.000                  3.084  1       


Data Path
Name                                      Cell/Site Name     Delay Name       Incr   Arrival/Required Time  Fanout  
----------------------------------------  -----------------  ---------------  -----  ---------------------  ------  
segment_time/counter_11__i15/CK->segment_time/counter_11__i15/Q
                                          SLICE_R8C5A        CLK_TO_Q0_DELAY  0.779                  3.863  2       
segment_time/counter[15]                                     NET DELAY        0.882                  4.745  2       
segment_time/counter_11_add_4_17/C0->segment_time/counter_11_add_4_17/S0
                                          SLICE_R8C5A        C0_TO_F0_DELAY   0.252                  4.997  1       
segment_time/n89[15]                                         NET DELAY        0.000                  4.997  1       
segment_time/counter_11__i15/D                               ENDPOINT         0.000                  4.997  1       


Destination Clock Path
Name                                      Cell/Site Name     Delay Name       Incr   Arrival/Required Time  Fanout  
----------------------------------------  -----------------  ---------------  -----  ---------------------  ------  
                                                             CONSTRAINT       0.000                  0.000  1       
hf_osc/CLKHF                              HFOSC_HFOSC_R1C32  CLOCK LATENCY    0.000                  0.000  14      
segment_time/int_osc                                         NET DELAY        3.084                  3.084  14      
{segment_time/counter_11__i15/CK   segment_time/counter_11__i16/CK}
                                                             CLOCK PIN        0.000                  3.084  1       
                                                             Uncertainty      0.000                  3.084  
                                                             Hold time        0.000                  3.084  
----------------------------------------  -----------------  ---------------  -----  ---------------------  ------  
Required Time                                                                                       -3.084  
Arrival Time                                                                                         4.997  
----------------------------------------  -----------------  ---------------  -----  ---------------------  ------  
Path Slack  (Passed)                                                                                 1.913  




++++ Path 6 ++++++++++++++++++++++++++++++++++++++++++++++++++++++++++ 

Path Begin       : segment_time/counter_11__i16/Q  (SLICE_R8C5A)
Path End         : segment_time/counter_11__i16/D  (SLICE_R8C5A)
Source Clock     : int_osc (R)
Destination Clock: int_osc (R)
Logic Level      : 2
Delay Ratio      : 46.1% (route), 53.9% (logic)
Clock Skew       : 0.000 ns 
Hold Constraint  : 0.000 ns 
Path Slack       : 1.913 ns  (Passed)


Source Clock Path
Name                                      Cell/Site Name     Delay Name       Incr   Arrival/Required Time  Fanout  
----------------------------------------  -----------------  ---------------  -----  ---------------------  ------  
hf_osc/CLKHF                              HFOSC_HFOSC_R1C32  CLOCK LATENCY    0.000                  0.000  14      
segment_time/int_osc                                         NET DELAY        3.084                  3.084  14      
{segment_time/counter_11__i15/CK   segment_time/counter_11__i16/CK}
                                                             CLOCK PIN        0.000                  3.084  1       


Data Path
Name                                      Cell/Site Name     Delay Name       Incr   Arrival/Required Time  Fanout  
----------------------------------------  -----------------  ---------------  -----  ---------------------  ------  
segment_time/counter_11__i16/CK->segment_time/counter_11__i16/Q
                                          SLICE_R8C5A        CLK_TO_Q1_DELAY  0.779                  3.863  2       
segment_time/counter[16]                                     NET DELAY        0.882                  4.745  2       
segment_time/counter_11_add_4_17/C1->segment_time/counter_11_add_4_17/S1
                                          SLICE_R8C5A        C1_TO_F1_DELAY   0.252                  4.997  1       
segment_time/n89[16]                                         NET DELAY        0.000                  4.997  1       
segment_time/counter_11__i16/D                               ENDPOINT         0.000                  4.997  1       


Destination Clock Path
Name                                      Cell/Site Name     Delay Name       Incr   Arrival/Required Time  Fanout  
----------------------------------------  -----------------  ---------------  -----  ---------------------  ------  
                                                             CONSTRAINT       0.000                  0.000  1       
hf_osc/CLKHF                              HFOSC_HFOSC_R1C32  CLOCK LATENCY    0.000                  0.000  14      
segment_time/int_osc                                         NET DELAY        3.084                  3.084  14      
{segment_time/counter_11__i15/CK   segment_time/counter_11__i16/CK}
                                                             CLOCK PIN        0.000                  3.084  1       
                                                             Uncertainty      0.000                  3.084  
                                                             Hold time        0.000                  3.084  
----------------------------------------  -----------------  ---------------  -----  ---------------------  ------  
Required Time                                                                                       -3.084  
Arrival Time                                                                                         4.997  
----------------------------------------  -----------------  ---------------  -----  ---------------------  ------  
Path Slack  (Passed)                                                                                 1.913  




++++ Path 7 ++++++++++++++++++++++++++++++++++++++++++++++++++++++++++ 

Path Begin       : segment_time/counter_11__i17/Q  (SLICE_R8C5B)
Path End         : segment_time/counter_11__i17/D  (SLICE_R8C5B)
Source Clock     : int_osc (R)
Destination Clock: int_osc (R)
Logic Level      : 2
Delay Ratio      : 46.1% (route), 53.9% (logic)
Clock Skew       : 0.000 ns 
Hold Constraint  : 0.000 ns 
Path Slack       : 1.913 ns  (Passed)


Source Clock Path
Name                                      Cell/Site Name     Delay Name       Incr   Arrival/Required Time  Fanout  
----------------------------------------  -----------------  ---------------  -----  ---------------------  ------  
hf_osc/CLKHF                              HFOSC_HFOSC_R1C32  CLOCK LATENCY    0.000                  0.000  14      
segment_time/int_osc                                         NET DELAY        3.084                  3.084  14      
{segment_time/counter_11__i17/CK   segment_time/counter_11__i18/CK}
                                                             CLOCK PIN        0.000                  3.084  1       


Data Path
Name                                      Cell/Site Name     Delay Name       Incr   Arrival/Required Time  Fanout  
----------------------------------------  -----------------  ---------------  -----  ---------------------  ------  
segment_time/counter_11__i17/CK->segment_time/counter_11__i17/Q
                                          SLICE_R8C5B        CLK_TO_Q0_DELAY  0.779                  3.863  2       
segment_time/counter[17]                                     NET DELAY        0.882                  4.745  2       
segment_time/counter_11_add_4_19/C0->segment_time/counter_11_add_4_19/S0
                                          SLICE_R8C5B        C0_TO_F0_DELAY   0.252                  4.997  1       
segment_time/n89[17]                                         NET DELAY        0.000                  4.997  1       
segment_time/counter_11__i17/D                               ENDPOINT         0.000                  4.997  1       


Destination Clock Path
Name                                      Cell/Site Name     Delay Name       Incr   Arrival/Required Time  Fanout  
----------------------------------------  -----------------  ---------------  -----  ---------------------  ------  
                                                             CONSTRAINT       0.000                  0.000  1       
hf_osc/CLKHF                              HFOSC_HFOSC_R1C32  CLOCK LATENCY    0.000                  0.000  14      
segment_time/int_osc                                         NET DELAY        3.084                  3.084  14      
{segment_time/counter_11__i17/CK   segment_time/counter_11__i18/CK}
                                                             CLOCK PIN        0.000                  3.084  1       
                                                             Uncertainty      0.000                  3.084  
                                                             Hold time        0.000                  3.084  
----------------------------------------  -----------------  ---------------  -----  ---------------------  ------  
Required Time                                                                                       -3.084  
Arrival Time                                                                                         4.997  
----------------------------------------  -----------------  ---------------  -----  ---------------------  ------  
Path Slack  (Passed)                                                                                 1.913  




++++ Path 8 ++++++++++++++++++++++++++++++++++++++++++++++++++++++++++ 

Path Begin       : segment_time/counter_11__i18/Q  (SLICE_R8C5B)
Path End         : segment_time/counter_11__i18/D  (SLICE_R8C5B)
Source Clock     : int_osc (R)
Destination Clock: int_osc (R)
Logic Level      : 2
Delay Ratio      : 46.1% (route), 53.9% (logic)
Clock Skew       : 0.000 ns 
Hold Constraint  : 0.000 ns 
Path Slack       : 1.913 ns  (Passed)


Source Clock Path
Name                                      Cell/Site Name     Delay Name       Incr   Arrival/Required Time  Fanout  
----------------------------------------  -----------------  ---------------  -----  ---------------------  ------  
hf_osc/CLKHF                              HFOSC_HFOSC_R1C32  CLOCK LATENCY    0.000                  0.000  14      
segment_time/int_osc                                         NET DELAY        3.084                  3.084  14      
{segment_time/counter_11__i17/CK   segment_time/counter_11__i18/CK}
                                                             CLOCK PIN        0.000                  3.084  1       


Data Path
Name                                      Cell/Site Name     Delay Name       Incr   Arrival/Required Time  Fanout  
----------------------------------------  -----------------  ---------------  -----  ---------------------  ------  
segment_time/counter_11__i18/CK->segment_time/counter_11__i18/Q
                                          SLICE_R8C5B        CLK_TO_Q1_DELAY  0.779                  3.863  2       
segment_time/counter[18]                                     NET DELAY        0.882                  4.745  2       
segment_time/counter_11_add_4_19/C1->segment_time/counter_11_add_4_19/S1
                                          SLICE_R8C5B        C1_TO_F1_DELAY   0.252                  4.997  1       
segment_time/n89[18]                                         NET DELAY        0.000                  4.997  1       
segment_time/counter_11__i18/D                               ENDPOINT         0.000                  4.997  1       


Destination Clock Path
Name                                      Cell/Site Name     Delay Name       Incr   Arrival/Required Time  Fanout  
----------------------------------------  -----------------  ---------------  -----  ---------------------  ------  
                                                             CONSTRAINT       0.000                  0.000  1       
hf_osc/CLKHF                              HFOSC_HFOSC_R1C32  CLOCK LATENCY    0.000                  0.000  14      
segment_time/int_osc                                         NET DELAY        3.084                  3.084  14      
{segment_time/counter_11__i17/CK   segment_time/counter_11__i18/CK}
                                                             CLOCK PIN        0.000                  3.084  1       
                                                             Uncertainty      0.000                  3.084  
                                                             Hold time        0.000                  3.084  
----------------------------------------  -----------------  ---------------  -----  ---------------------  ------  
Required Time                                                                                       -3.084  
Arrival Time                                                                                         4.997  
----------------------------------------  -----------------  ---------------  -----  ---------------------  ------  
Path Slack  (Passed)                                                                                 1.913  




++++ Path 9 ++++++++++++++++++++++++++++++++++++++++++++++++++++++++++ 

Path Begin       : segment_time/counter_11__i19/Q  (SLICE_R8C5C)
Path End         : segment_time/counter_11__i19/D  (SLICE_R8C5C)
Source Clock     : int_osc (R)
Destination Clock: int_osc (R)
Logic Level      : 2
Delay Ratio      : 46.1% (route), 53.9% (logic)
Clock Skew       : 0.000 ns 
Hold Constraint  : 0.000 ns 
Path Slack       : 1.913 ns  (Passed)


Source Clock Path
Name                                      Cell/Site Name     Delay Name       Incr   Arrival/Required Time  Fanout  
----------------------------------------  -----------------  ---------------  -----  ---------------------  ------  
hf_osc/CLKHF                              HFOSC_HFOSC_R1C32  CLOCK LATENCY    0.000                  0.000  14      
segment_time/int_osc                                         NET DELAY        3.084                  3.084  14      
{segment_time/counter_11__i19/CK   segment_time/counter_11__i20/CK}
                                                             CLOCK PIN        0.000                  3.084  1       


Data Path
Name                                      Cell/Site Name     Delay Name       Incr   Arrival/Required Time  Fanout  
----------------------------------------  -----------------  ---------------  -----  ---------------------  ------  
segment_time/counter_11__i19/CK->segment_time/counter_11__i19/Q
                                          SLICE_R8C5C        CLK_TO_Q0_DELAY  0.779                  3.863  2       
segment_time/counter[19]                                     NET DELAY        0.882                  4.745  2       
segment_time/counter_11_add_4_21/C0->segment_time/counter_11_add_4_21/S0
                                          SLICE_R8C5C        C0_TO_F0_DELAY   0.252                  4.997  1       
segment_time/n89[19]                                         NET DELAY        0.000                  4.997  1       
segment_time/counter_11__i19/D                               ENDPOINT         0.000                  4.997  1       


Destination Clock Path
Name                                      Cell/Site Name     Delay Name       Incr   Arrival/Required Time  Fanout  
----------------------------------------  -----------------  ---------------  -----  ---------------------  ------  
                                                             CONSTRAINT       0.000                  0.000  1       
hf_osc/CLKHF                              HFOSC_HFOSC_R1C32  CLOCK LATENCY    0.000                  0.000  14      
segment_time/int_osc                                         NET DELAY        3.084                  3.084  14      
{segment_time/counter_11__i19/CK   segment_time/counter_11__i20/CK}
                                                             CLOCK PIN        0.000                  3.084  1       
                                                             Uncertainty      0.000                  3.084  
                                                             Hold time        0.000                  3.084  
----------------------------------------  -----------------  ---------------  -----  ---------------------  ------  
Required Time                                                                                       -3.084  
Arrival Time                                                                                         4.997  
----------------------------------------  -----------------  ---------------  -----  ---------------------  ------  
Path Slack  (Passed)                                                                                 1.913  




++++ Path 10 ++++++++++++++++++++++++++++++++++++++++++++++++++++++++++ 

Path Begin       : segment_time/counter_11__i20/Q  (SLICE_R8C5C)
Path End         : segment_time/counter_11__i20/D  (SLICE_R8C5C)
Source Clock     : int_osc (R)
Destination Clock: int_osc (R)
Logic Level      : 2
Delay Ratio      : 46.1% (route), 53.9% (logic)
Clock Skew       : 0.000 ns 
Hold Constraint  : 0.000 ns 
Path Slack       : 1.913 ns  (Passed)


Source Clock Path
Name                                      Cell/Site Name     Delay Name       Incr   Arrival/Required Time  Fanout  
----------------------------------------  -----------------  ---------------  -----  ---------------------  ------  
hf_osc/CLKHF                              HFOSC_HFOSC_R1C32  CLOCK LATENCY    0.000                  0.000  14      
segment_time/int_osc                                         NET DELAY        3.084                  3.084  14      
{segment_time/counter_11__i19/CK   segment_time/counter_11__i20/CK}
                                                             CLOCK PIN        0.000                  3.084  1       


Data Path
Name                                      Cell/Site Name     Delay Name       Incr   Arrival/Required Time  Fanout  
----------------------------------------  -----------------  ---------------  -----  ---------------------  ------  
segment_time/counter_11__i20/CK->segment_time/counter_11__i20/Q
                                          SLICE_R8C5C        CLK_TO_Q1_DELAY  0.779                  3.863  2       
segment_time/counter[20]                                     NET DELAY        0.882                  4.745  2       
segment_time/counter_11_add_4_21/C1->segment_time/counter_11_add_4_21/S1
                                          SLICE_R8C5C        C1_TO_F1_DELAY   0.252                  4.997  1       
segment_time/n89[20]                                         NET DELAY        0.000                  4.997  1       
segment_time/counter_11__i20/D                               ENDPOINT         0.000                  4.997  1       


Destination Clock Path
Name                                      Cell/Site Name     Delay Name       Incr   Arrival/Required Time  Fanout  
----------------------------------------  -----------------  ---------------  -----  ---------------------  ------  
                                                             CONSTRAINT       0.000                  0.000  1       
hf_osc/CLKHF                              HFOSC_HFOSC_R1C32  CLOCK LATENCY    0.000                  0.000  14      
segment_time/int_osc                                         NET DELAY        3.084                  3.084  14      
{segment_time/counter_11__i19/CK   segment_time/counter_11__i20/CK}
                                                             CLOCK PIN        0.000                  3.084  1       
                                                             Uncertainty      0.000                  3.084  
                                                             Hold time        0.000                  3.084  
----------------------------------------  -----------------  ---------------  -----  ---------------------  ------  
Required Time                                                                                       -3.084  
Arrival Time                                                                                         4.997  
----------------------------------------  -----------------  ---------------  -----  ---------------------  ------  
Path Slack  (Passed)                                                                                 1.913  



+++++++++++++++++++++++++++++++++++++++++++++++++++++++++++++++++++++ 
                    End of Detailed Report for timing paths 
+++++++++++++++++++++++++++++++++++++++++++++++++++++++++++++++++++++ 


##########################################################



