
                         Lattice Mapping Report File

Design:  top
Family:  iCE40UP
Device:  iCE40UP5K
Package: SG48
Performance Grade:  High-Performance_1.2V

Mapper:    version Radiant Software (64-bit) 2026.1.0.37.0
Mapped on: Fri Sep 11 21:59:53 2026

Design Information
------------------

Command line:   map -i lab2_impl_1_syn.udb -o lab2_impl_1_map.udb -mp
     lab2_impl_1.mrp -hierrpt -gui -msgset
     C:/Users/estgonzalez/my_designs/lab2/promote.xml

Design Summary
--------------

   Number of slice registers:  22 out of  5280 (<1%)
   Number of I/O registers:      0 out of   117 (0%)
   Number of LUT4s:            35 out of  5280 (1%)
      Number of logic LUT4s:              13
      Number of ripple logic:             11 (22 LUT4s)
   Number of IO sites used:   11 out of 39 (28%)
      Number of IO sites used for general PIO: 11
      Number of IO sites used for I3C: 0 out of 2 (0%)
      (note: If I3C is not used, its site can be used as general PIO)
      Number of IO sites used for PIO+I3C: 11 out of 36 (31%)
      Number of IO sites used for OD+RGB IO buffers: 0 out of 3 (0%)
      (note: If RGB LED drivers are not used, sites can be used as OD outputs,
       see TN1288 iCE40 LED Driver Usage Guide)
      Number of IO sites used for PIO+I3C+OD+RGB: 11 out of 39 (28%)
   Number of DSPs:             0 out of 8 (0%)
   Number of I2Cs:             0 out of 2 (0%)
   Number of High Speed OSCs:  1 out of 1 (100%)
   Number of Low Speed OSCs:   0 out of 1 (0%)
   Number of RGB PWM:          0 out of 1 (0%)
   Number of RGB Drivers:      0 out of 1 (0%)
   Number of SCL FILTERs:      0 out of 2 (0%)
   Number of SRAMs:            0 out of 4 (0%)
   Number of WARMBOOTs:        0 out of 1 (0%)
   Number of SPIs:             0 out of 2 (0%)
   Number of EBRs:             0 out of 30 (0%)
   Number of PLLs:             0 out of 1 (0%)
   Number of Clocks:  1
      Net int_osc: 12 loads, 12 rising, 0 falling (Driver: Pin hf_osc/CLKHF)
   Number of Clock Enables:  1
      Net VCC_net: 1 loads, 0 SLICEs
   Number of LSRs:  1
      Net segment_time.n106: 11 loads, 11 SLICEs
   Top 10 highest fanout non-clock nets:
      Net segment_time.n106: 12 loads
      Net c1_c: 4 loads
      Net dip_switch: 4 loads
      Net VCC_net: 4 loads
      Net segment_time.counter[11]: 2 loads
      Net segment_time.counter[12]: 2 loads
      Net segment_time.counter[20]: 2 loads

                                    Page 1





Design Summary (cont)
---------------------
      Net segment_time.counter[5]: 2 loads
      Net segment_time.counter[8]: 2 loads
      Net segment_time.counter[9]: 2 loads





   Number of warnings:  16
   Number of criticals: 0
   Number of errors:    0

Design Errors/Criticals/Warnings
--------------------------------

WARNING <71003020> - map: Top module port 's0[3]' does not connect to anything.
WARNING <71003020> - map: Top module port 's0[2]' does not connect to anything.
WARNING <71003020> - map: Top module port 's0[1]' does not connect to anything.
WARNING <71003020> - map: Top module port 's1[3]' does not connect to anything.
WARNING <71003020> - map: Top module port 's1[2]' does not connect to anything.
WARNING <71003020> - map: Top module port 's1[1]' does not connect to anything.
WARNING <71003020> - map: Top module port 'reset' does not connect to anything.
WARNING <71003020> - map: Top module port 'enable' does not connect to anything.
WARNING <71003020> - map: Top module port 's0[3]' does not connect to anything.
WARNING <71003020> - map: Top module port 's0[2]' does not connect to anything.
WARNING <71003020> - map: Top module port 's0[1]' does not connect to anything.
WARNING <71003020> - map: Top module port 's1[3]' does not connect to anything.
WARNING <71003020> - map: Top module port 's1[2]' does not connect to anything.
WARNING <71003020> - map: Top module port 's1[1]' does not connect to anything.
WARNING <71003020> - map: Top module port 'reset' does not connect to anything.
WARNING <71003020> - map: Top module port 'enable' does not connect to anything.

IO (PIO) Attributes
-------------------

+---------------------+-----------+-----------+-------+-------+-----------+
| IO Name             | Direction | Levelmode |  IO   |  IO   | Special   |
|                     |           |  IO_TYPE  |  REG  |  DDR  | IO Buffer |
+---------------------+-----------+-----------+-------+-------+-----------+
| s0[0]               | INPUT     |           |       |       |           |
+---------------------+-----------+-----------+-------+-------+-----------+
| s1[0]               | INPUT     |           |       |       |           |
+---------------------+-----------+-----------+-------+-------+-----------+
| c1                  | OUTPUT    |           |       |       |           |
+---------------------+-----------+-----------+-------+-------+-----------+
| c2                  | OUTPUT    |           |       |       |           |
+---------------------+-----------+-----------+-------+-------+-----------+
| seg[6]              | OUTPUT    |           |       |       |           |
+---------------------+-----------+-----------+-------+-------+-----------+
| seg[5]              | OUTPUT    |           |       |       |           |
+---------------------+-----------+-----------+-------+-------+-----------+
| seg[4]              | OUTPUT    |           |       |       |           |
+---------------------+-----------+-----------+-------+-------+-----------+
| seg[3]              | OUTPUT    |           |       |       |           |
+---------------------+-----------+-----------+-------+-------+-----------+
| seg[2]              | OUTPUT    |           |       |       |           |
+---------------------+-----------+-----------+-------+-------+-----------+
| seg[1]              | OUTPUT    |           |       |       |           |

                                    Page 2





IO (PIO) Attributes (cont)
--------------------------
+---------------------+-----------+-----------+-------+-------+-----------+
| seg[0]              | OUTPUT    |           |       |       |           |
+---------------------+-----------+-----------+-------+-------+-----------+

OSC Summary
-----------

OSC 1:                                 Pin/Node Value
  OSC Instance Name:                            hf_osc
  Power UP:                            NODE     VCC_net
  Enable Signal:                       NODE     VCC_net
  OSC Output:                          NODE     int_osc
  DIV Setting:                                  01

ASIC Components
---------------

Instance Name: hf_osc
         Type: HFOSC

Constraint Summary
------------------

   Total number of constraints: 2
   Total number of constraints dropped: 0

Run Time and Memory Usage
-------------------------

   Total CPU Time: 0 secs
   Total REAL Time: 0 secs
   Peak Memory Usage: 66 MB
Checksum -- map: f1167df67171b878ac809bd97d48ce5754ddd237

























                                    Page 3


Copyright (c) 1991-1994 by NeoCAD Inc. All rights reserved.
Copyright (c) 1995
     AT&T Corp.   All rights reserved.
Copyright (c) 1995-2001 Lucent
     Technologies Inc.  All rights reserved.
Copyright (c) 2001 Agere Systems
     All rights reserved.
Copyright (c) 2002-2026 Lattice Semiconductor
     Corporation,  All rights reserved.
